
 /----------------------------------------------------------------------------\
 |                                                                            |
 |  yosys -- Yosys Open SYnthesis Suite                                       |
 |                                                                            |
 |  Copyright (C) 2012 - 2019  Clifford Wolf <clifford@clifford.at>           |
 |                                                                            |
 |  Permission to use, copy, modify, and/or distribute this software for any  |
 |  purpose with or without fee is hereby granted, provided that the above    |
 |  copyright notice and this permission notice appear in all copies.         |
 |                                                                            |
 |  THE SOFTWARE IS PROVIDED "AS IS" AND THE AUTHOR DISCLAIMS ALL WARRANTIES  |
 |  WITH REGARD TO THIS SOFTWARE INCLUDING ALL IMPLIED WARRANTIES OF          |
 |  MERCHANTABILITY AND FITNESS. IN NO EVENT SHALL THE AUTHOR BE LIABLE FOR   |
 |  ANY SPECIAL, DIRECT, INDIRECT, OR CONSEQUENTIAL DAMAGES OR ANY DAMAGES    |
 |  WHATSOEVER RESULTING FROM LOSS OF USE, DATA OR PROFITS, WHETHER IN AN     |
 |  ACTION OF CONTRACT, NEGLIGENCE OR OTHER TORTIOUS ACTION, ARISING OUT OF   |
 |  OR IN CONNECTION WITH THE USE OR PERFORMANCE OF THIS SOFTWARE.            |
 |                                                                            |
 \----------------------------------------------------------------------------/

 Yosys 0.9 (git sha1 1979e0b)


-- Running command `
    read_liberty -lib nangate/NanGate45/lib/NangateOpenCellLibrary_typical.lib;
    read_verilog  code/src/*.v;
    hierarchy -top CPU;
    proc; opt_clean;
    fsm; opt_clean;
    techmap; opt_clean;
    flatten CPU;
    dfflibmap -liberty nangate/NanGate45/lib/NangateOpenCellLibrary_typical.lib;
    abc -liberty nangate/NanGate45/lib/NangateOpenCellLibrary_typical.lib;
    stat -liberty nangate/NanGate45/lib/NangateOpenCellLibrary_typical.lib;
  ' --

1. Executing Liberty frontend.
Imported 135 cell types from liberty file.

2. Executing Verilog-2005 frontend: code/src/ALU_Control.v
Parsing Verilog input from `code/src/ALU_Control.v' to AST representation.
Generating RTLIL representation for module `\ALU_Control'.
Successfully finished Verilog frontend.

3. Executing Verilog-2005 frontend: code/src/CHIP.v
Parsing Verilog input from `code/src/CHIP.v' to AST representation.
Generating RTLIL representation for module `\CPU'.
Generating RTLIL representation for module `\PC_Update'.
Generating RTLIL representation for module `\PC'.
Generating RTLIL representation for module `\Adder'.
Generating RTLIL representation for module `\Imm_Gen'.
Generating RTLIL representation for module `\MUX32'.
Generating RTLIL representation for module `\ALU'.
Generating RTLIL representation for module `\Branch_Unit'.
Successfully finished Verilog frontend.

4. Executing Verilog-2005 frontend: code/src/Control.v
Parsing Verilog input from `code/src/Control.v' to AST representation.
Generating RTLIL representation for module `\Control'.
Successfully finished Verilog frontend.

5. Executing Verilog-2005 frontend: code/src/cache.v
Parsing Verilog input from `code/src/cache.v' to AST representation.
Generating RTLIL representation for module `\Cache'.
Warning: Replacing memory \tag_way1 with list of registers. See code/src/cache.v:248
Warning: Replacing memory \tag_way0 with list of registers. See code/src/cache.v:242
Warning: Replacing memory \data_way1 with list of registers. See code/src/cache.v:227
Warning: Replacing memory \data_way0 with list of registers. See code/src/cache.v:218
Warning: Replacing memory \lru_bit with list of registers. See code/src/cache.v:181
Warning: Replacing memory \dirty_way1 with list of registers. See code/src/cache.v:180
Warning: Replacing memory \valid_way1 with list of registers. See code/src/cache.v:180
Warning: Replacing memory \dirty_way0 with list of registers. See code/src/cache.v:179
Warning: Replacing memory \valid_way0 with list of registers. See code/src/cache.v:179
Successfully finished Verilog frontend.

6. Executing HIERARCHY pass (managing design hierarchy).

6.1. Analyzing design hierarchy..
Top module:  \CPU
Used module:     \PC_Update
Used module:     \Branch_Unit
Used module:     \ALU
Used module:     \ALU_Control
Used module:     \MUX32
Used module:     \Imm_Gen
Used module:     \Control
Used module:     \PC

6.2. Analyzing design hierarchy..
Top module:  \CPU
Used module:     \PC_Update
Used module:     \Branch_Unit
Used module:     \ALU
Used module:     \ALU_Control
Used module:     \MUX32
Used module:     \Imm_Gen
Used module:     \Control
Used module:     \PC
Removing unused module `\Cache'.
Removing unused module `\Adder'.
Removed 2 unused modules.

7. Executing PROC pass (convert processes to netlists).

7.1. Executing PROC_CLEAN pass (remove empty switches from decision trees).
Cleaned up 0 empty switches.

7.2. Executing PROC_RMDEAD pass (remove dead branches from decision trees).
Marked 1 switch rules as full_case in process $proc$code/src/CHIP.v:435$42 in module Branch_Unit.
Marked 1 switch rules as full_case in process $proc$code/src/CHIP.v:410$31 in module ALU.
Marked 1 switch rules as full_case in process $proc$code/src/CHIP.v:383$29 in module MUX32.
Marked 1 switch rules as full_case in process $proc$code/src/CHIP.v:320$28 in module Imm_Gen.
Marked 1 switch rules as full_case in process $proc$code/src/Control.v:18$47 in module Control.
Marked 1 switch rules as full_case in process $proc$code/src/CHIP.v:290$25 in module PC.
Marked 4 switch rules as full_case in process $proc$code/src/CHIP.v:263$18 in module PC_Update.
Marked 3 switch rules as full_case in process $proc$code/src/CHIP.v:40$4 in module CPU.
Removed 1 dead cases from process $proc$code/src/ALU_Control.v:21$1 in module ALU_Control.
Marked 5 switch rules as full_case in process $proc$code/src/ALU_Control.v:21$1 in module ALU_Control.
Removed a total of 1 dead cases.

7.3. Executing PROC_INIT pass (extract init attributes).

7.4. Executing PROC_ARST pass (detect async resets in processes).
Found async reset \i_rst_n in `\PC.$proc$code/src/CHIP.v:290$25'.
Found async reset \i_rst_n in `\CPU.$proc$code/src/CHIP.v:40$4'.

7.5. Executing PROC_MUX pass (convert decision trees to multiplexers).
Creating decoders for process `\Branch_Unit.$proc$code/src/CHIP.v:435$42'.
     1/2: $1\branch_taken_o[0:0]
     2/2: $0\branch_taken_o[0:0]
Creating decoders for process `\ALU.$proc$code/src/CHIP.v:410$31'.
     1/2: $1\alu_result_o[31:0]
     2/2: $0\alu_result_o[31:0]
Creating decoders for process `\MUX32.$proc$code/src/CHIP.v:383$29'.
     1/2: $1\mux_o[31:0]
     2/2: $0\mux_o[31:0]
Creating decoders for process `\Imm_Gen.$proc$code/src/CHIP.v:320$28'.
     1/2: $1\imm_o[31:0]
     2/2: $0\imm_o[31:0]
Creating decoders for process `\Control.$proc$code/src/Control.v:18$47'.
     1/22: $1\MemtoReg_o[0:0]
     2/22: $1\RegWrite_o[0:0]
     3/22: $1\MemWrite_o[0:0]
     4/22: $1\MemRead_o[0:0]
     5/22: $1\Branch_o[0:0]
     6/22: $1\ALUSrc2_o[0:0]
     7/22: $1\ALUSrc1_o[0:0]
     8/22: $1\ALUOp_o[1:0]
     9/22: $1\Finish_o[0:0]
    10/22: $1\JumpR_o[0:0]
    11/22: $1\Jump_o[0:0]
    12/22: $0\Finish_o[0:0]
    13/22: $0\JumpR_o[0:0]
    14/22: $0\Jump_o[0:0]
    15/22: $0\Branch_o[0:0]
    16/22: $0\ALUSrc2_o[0:0]
    17/22: $0\ALUSrc1_o[0:0]
    18/22: $0\ALUOp_o[1:0]
    19/22: $0\MemWrite_o[0:0]
    20/22: $0\MemRead_o[0:0]
    21/22: $0\MemtoReg_o[0:0]
    22/22: $0\RegWrite_o[0:0]
Creating decoders for process `\PC.$proc$code/src/CHIP.v:290$25'.
     1/1: $0\PC_o[31:0]
Creating decoders for process `\PC_Update.$proc$code/src/CHIP.v:263$18'.
     1/5: $4\pc_o[31:0]
     2/5: $3\pc_o[31:0]
     3/5: $2\pc_o[31:0]
     4/5: $1\pc_o[31:0]
     5/5: $0\pc_o[31:0]
Creating decoders for process `\CPU.$proc$code/src/CHIP.v:40$4'.
     1/1: $0\finish_requested[0:0]
Creating decoders for process `\ALU_Control.$proc$code/src/ALU_Control.v:21$1'.
     1/6: $5\alu_ctrl_o[3:0]
     2/6: $4\alu_ctrl_o[3:0]
     3/6: $3\alu_ctrl_o[3:0]
     4/6: $2\alu_ctrl_o[3:0]
     5/6: $1\alu_ctrl_o[3:0]
     6/6: $0\alu_ctrl_o[3:0]

7.6. Executing PROC_DLATCH pass (convert process syncs to latches).
No latch inferred for signal `\Branch_Unit.\branch_taken_o' from process `\Branch_Unit.$proc$code/src/CHIP.v:435$42'.
No latch inferred for signal `\ALU.\alu_result_o' from process `\ALU.$proc$code/src/CHIP.v:410$31'.
No latch inferred for signal `\MUX32.\mux_o' from process `\MUX32.$proc$code/src/CHIP.v:383$29'.
No latch inferred for signal `\Imm_Gen.\imm_o' from process `\Imm_Gen.$proc$code/src/CHIP.v:320$28'.
No latch inferred for signal `\Control.\RegWrite_o' from process `\Control.$proc$code/src/Control.v:18$47'.
No latch inferred for signal `\Control.\MemtoReg_o' from process `\Control.$proc$code/src/Control.v:18$47'.
No latch inferred for signal `\Control.\MemRead_o' from process `\Control.$proc$code/src/Control.v:18$47'.
No latch inferred for signal `\Control.\MemWrite_o' from process `\Control.$proc$code/src/Control.v:18$47'.
No latch inferred for signal `\Control.\ALUOp_o' from process `\Control.$proc$code/src/Control.v:18$47'.
No latch inferred for signal `\Control.\ALUSrc1_o' from process `\Control.$proc$code/src/Control.v:18$47'.
No latch inferred for signal `\Control.\ALUSrc2_o' from process `\Control.$proc$code/src/Control.v:18$47'.
No latch inferred for signal `\Control.\Branch_o' from process `\Control.$proc$code/src/Control.v:18$47'.
No latch inferred for signal `\Control.\Jump_o' from process `\Control.$proc$code/src/Control.v:18$47'.
No latch inferred for signal `\Control.\JumpR_o' from process `\Control.$proc$code/src/Control.v:18$47'.
No latch inferred for signal `\Control.\Finish_o' from process `\Control.$proc$code/src/Control.v:18$47'.
No latch inferred for signal `\PC_Update.\pc_o' from process `\PC_Update.$proc$code/src/CHIP.v:263$18'.
No latch inferred for signal `\ALU_Control.\alu_ctrl_o' from process `\ALU_Control.$proc$code/src/ALU_Control.v:21$1'.

7.7. Executing PROC_DFF pass (convert process syncs to FFs).
Creating register for signal `\PC.\PC_o' using process `\PC.$proc$code/src/CHIP.v:290$25'.
  created $adff cell `$procdff$725' with positive edge clock and negative level reset.
Creating register for signal `\CPU.\finish_requested' using process `\CPU.$proc$code/src/CHIP.v:40$4'.
  created $adff cell `$procdff$726' with positive edge clock and negative level reset.

7.8. Executing PROC_CLEAN pass (remove empty switches from decision trees).
Found and cleaned up 1 empty switch in `\Branch_Unit.$proc$code/src/CHIP.v:435$42'.
Removing empty process `Branch_Unit.$proc$code/src/CHIP.v:435$42'.
Found and cleaned up 1 empty switch in `\ALU.$proc$code/src/CHIP.v:410$31'.
Removing empty process `ALU.$proc$code/src/CHIP.v:410$31'.
Found and cleaned up 1 empty switch in `\MUX32.$proc$code/src/CHIP.v:383$29'.
Removing empty process `MUX32.$proc$code/src/CHIP.v:383$29'.
Found and cleaned up 1 empty switch in `\Imm_Gen.$proc$code/src/CHIP.v:320$28'.
Removing empty process `Imm_Gen.$proc$code/src/CHIP.v:320$28'.
Found and cleaned up 1 empty switch in `\Control.$proc$code/src/Control.v:18$47'.
Removing empty process `Control.$proc$code/src/Control.v:18$47'.
Removing empty process `PC.$proc$code/src/CHIP.v:290$25'.
Found and cleaned up 4 empty switches in `\PC_Update.$proc$code/src/CHIP.v:263$18'.
Removing empty process `PC_Update.$proc$code/src/CHIP.v:263$18'.
Found and cleaned up 2 empty switches in `\CPU.$proc$code/src/CHIP.v:40$4'.
Removing empty process `CPU.$proc$code/src/CHIP.v:40$4'.
Found and cleaned up 5 empty switches in `\ALU_Control.$proc$code/src/ALU_Control.v:21$1'.
Removing empty process `ALU_Control.$proc$code/src/ALU_Control.v:21$1'.
Cleaned up 16 empty switches.

8. Executing OPT_CLEAN pass (remove unused cells and wires).
Finding unused cells or wires in module \Branch_Unit..
Finding unused cells or wires in module \ALU..
Finding unused cells or wires in module \MUX32..
Finding unused cells or wires in module \Imm_Gen..
Finding unused cells or wires in module \Control..
Finding unused cells or wires in module \PC..
Finding unused cells or wires in module \PC_Update..
Finding unused cells or wires in module \CPU..
Finding unused cells or wires in module \ALU_Control..
Removed 6 unused cells and 87 unused wires.
<suppressed ~18 debug messages>

9. Executing FSM pass (extract and optimize FSM).

9.1. Executing FSM_DETECT pass (finding FSMs in design).

9.2. Executing FSM_EXTRACT pass (extracting FSM from design).

9.3. Executing FSM_OPT pass (simple optimizations of FSMs).

9.4. Executing OPT_CLEAN pass (remove unused cells and wires).
Finding unused cells or wires in module \ALU..
Finding unused cells or wires in module \ALU_Control..
Finding unused cells or wires in module \Branch_Unit..
Finding unused cells or wires in module \CPU..
Finding unused cells or wires in module \Control..
Finding unused cells or wires in module \Imm_Gen..
Finding unused cells or wires in module \MUX32..
Finding unused cells or wires in module \PC..
Finding unused cells or wires in module \PC_Update..

9.5. Executing FSM_OPT pass (simple optimizations of FSMs).

9.6. Executing FSM_RECODE pass (re-assigning FSM state encoding).

9.7. Executing FSM_INFO pass (dumping all available information on FSM cells).

9.8. Executing FSM_MAP pass (mapping FSMs to basic logic).

10. Executing OPT_CLEAN pass (remove unused cells and wires).
Finding unused cells or wires in module \ALU..
Finding unused cells or wires in module \ALU_Control..
Finding unused cells or wires in module \Branch_Unit..
Finding unused cells or wires in module \CPU..
Finding unused cells or wires in module \Control..
Finding unused cells or wires in module \Imm_Gen..
Finding unused cells or wires in module \MUX32..
Finding unused cells or wires in module \PC..
Finding unused cells or wires in module \PC_Update..

11. Executing TECHMAP pass (map to technology primitives).

11.1. Executing Verilog-2005 frontend: <techmap.v>
Parsing Verilog input from `<techmap.v>' to AST representation.
Generating RTLIL representation for module `\_90_simplemap_bool_ops'.
Generating RTLIL representation for module `\_90_simplemap_reduce_ops'.
Generating RTLIL representation for module `\_90_simplemap_logic_ops'.
Generating RTLIL representation for module `\_90_simplemap_compare_ops'.
Generating RTLIL representation for module `\_90_simplemap_various'.
Generating RTLIL representation for module `\_90_simplemap_registers'.
Generating RTLIL representation for module `\_90_shift_ops_shr_shl_sshl_sshr'.
Generating RTLIL representation for module `\_90_shift_shiftx'.
Generating RTLIL representation for module `\_90_fa'.
Generating RTLIL representation for module `\_90_lcu'.
Generating RTLIL representation for module `\_90_alu'.
Generating RTLIL representation for module `\_90_macc'.
Generating RTLIL representation for module `\_90_alumacc'.
Generating RTLIL representation for module `\$__div_mod_u'.
Generating RTLIL representation for module `\$__div_mod'.
Generating RTLIL representation for module `\_90_div'.
Generating RTLIL representation for module `\_90_mod'.
Generating RTLIL representation for module `\_90_pow'.
Generating RTLIL representation for module `\_90_pmux'.
Generating RTLIL representation for module `\_90_lut'.
Successfully finished Verilog frontend.

11.2. Continuing TECHMAP pass.
Using extmapper simplemap for cells of type $eq.
Using template $paramod\_90_pmux\WIDTH=4\S_WIDTH=4 for cells of type $pmux.
Using extmapper simplemap for cells of type $mux.
Using template $paramod\_90_pmux\WIDTH=4\S_WIDTH=7 for cells of type $pmux.
Using template $paramod\_90_pmux\WIDTH=4\S_WIDTH=5 for cells of type $pmux.
Using extmapper simplemap for cells of type $reduce_or.
Using extmapper simplemap for cells of type $and.
Using extmapper simplemap for cells of type $logic_not.
Using extmapper simplemap for cells of type $logic_and.
Using extmapper simplemap for cells of type $or.
Running "alumacc" on wrapper $extern:wrap:$add:A_SIGNED=0:A_WIDTH=32:B_SIGNED=0:B_WIDTH=32:Y_WIDTH=32:394426c56d1a028ba8fdd5469b163e04011def47.
Using template $extern:wrap:$add:A_SIGNED=0:A_WIDTH=32:B_SIGNED=0:B_WIDTH=32:Y_WIDTH=32:394426c56d1a028ba8fdd5469b163e04011def47 for cells of type $extern:wrap:$add:A_SIGNED=0:A_WIDTH=32:B_SIGNED=0:B_WIDTH=32:Y_WIDTH=32:394426c56d1a028ba8fdd5469b163e04011def47.
Using extmapper simplemap for cells of type $logic_or.
Using extmapper simplemap for cells of type $adff.
Using template $paramod\_90_alu\A_SIGNED=0\B_SIGNED=0\A_WIDTH=32\B_WIDTH=32\Y_WIDTH=32 for cells of type $alu.
Using extmapper simplemap for cells of type $xor.
Using template $paramod\_90_lcu\WIDTH=32 for cells of type $lcu.
Using extmapper simplemap for cells of type $not.
Using extmapper simplemap for cells of type $pos.
Using template $paramod\_90_pmux\WIDTH=1\S_WIDTH=2 for cells of type $pmux.
Using template $paramod\_90_pmux\WIDTH=2\S_WIDTH=3 for cells of type $pmux.
Using template $paramod\_90_pmux\WIDTH=1\S_WIDTH=5 for cells of type $pmux.
Using template $paramod\_90_pmux\WIDTH=1\S_WIDTH=6 for cells of type $pmux.
Using template $paramod\_90_pmux\WIDTH=1\S_WIDTH=3 for cells of type $pmux.
Using template $paramod\_90_pmux\WIDTH=32\S_WIDTH=5 for cells of type $pmux.
Running "alumacc" on wrapper $extern:wrap:$sub:A_SIGNED=0:A_WIDTH=32:B_SIGNED=0:B_WIDTH=32:Y_WIDTH=32:394426c56d1a028ba8fdd5469b163e04011def47.
Using template $extern:wrap:$sub:A_SIGNED=0:A_WIDTH=32:B_SIGNED=0:B_WIDTH=32:Y_WIDTH=32:394426c56d1a028ba8fdd5469b163e04011def47 for cells of type $extern:wrap:$sub:A_SIGNED=0:A_WIDTH=32:B_SIGNED=0:B_WIDTH=32:Y_WIDTH=32:394426c56d1a028ba8fdd5469b163e04011def47.
Using template $paramod$constmap:4621fcf06a436d1e2a4080e2ed9866a7d07a6e07$paramod$887c9fe2c55be14c90171bd2ff359c086a0858d7\_90_shift_ops_shr_shl_sshl_sshr for cells of type $shl.
Using template $paramod$constmap:4621fcf06a436d1e2a4080e2ed9866a7d07a6e07$paramod$943af4e63d02cf420cf82d17400bd04ea07088b0\_90_shift_ops_shr_shl_sshl_sshr for cells of type $sshr.
Running "alumacc" on wrapper $extern:wrap:$mul:A_SIGNED=0:A_WIDTH=32:B_SIGNED=0:B_WIDTH=32:Y_WIDTH=32:394426c56d1a028ba8fdd5469b163e04011def47.
Using template $extern:wrap:$mul:A_SIGNED=0:A_WIDTH=32:B_SIGNED=0:B_WIDTH=32:Y_WIDTH=32:394426c56d1a028ba8fdd5469b163e04011def47 for cells of type $extern:wrap:$mul:A_SIGNED=0:A_WIDTH=32:B_SIGNED=0:B_WIDTH=32:Y_WIDTH=32:394426c56d1a028ba8fdd5469b163e04011def47.
Running "alumacc" on wrapper $extern:wrap:$lt:A_SIGNED=1:A_WIDTH=32:B_SIGNED=1:B_WIDTH=32:Y_WIDTH=1:394426c56d1a028ba8fdd5469b163e04011def47.
Using template $extern:wrap:$lt:A_SIGNED=1:A_WIDTH=32:B_SIGNED=1:B_WIDTH=32:Y_WIDTH=1:394426c56d1a028ba8fdd5469b163e04011def47 for cells of type $extern:wrap:$lt:A_SIGNED=1:A_WIDTH=32:B_SIGNED=1:B_WIDTH=32:Y_WIDTH=1:394426c56d1a028ba8fdd5469b163e04011def47.
Using template $paramod$constmap:4621fcf06a436d1e2a4080e2ed9866a7d07a6e07$paramod$770435fdf938ca78b5f1ecab2552fff9f675f686\_90_shift_ops_shr_shl_sshl_sshr for cells of type $shr.
Using template $paramod\_90_pmux\WIDTH=32\S_WIDTH=9 for cells of type $pmux.
Using extmapper maccmap for cells of type $macc.
  add \op_a_i * \op_b_i (32x32 bits, unsigned)
Using template $paramod\_90_alu\A_SIGNED=1\B_SIGNED=1\A_WIDTH=32\B_WIDTH=32\Y_WIDTH=32 for cells of type $alu.
Using template $paramod\_90_fa\WIDTH=32 for cells of type $fa.
Running "alumacc" on wrapper $extern:wrap:$ge:A_SIGNED=1:A_WIDTH=32:B_SIGNED=1:B_WIDTH=32:Y_WIDTH=1:394426c56d1a028ba8fdd5469b163e04011def47.
Using template $extern:wrap:$ge:A_SIGNED=1:A_WIDTH=32:B_SIGNED=1:B_WIDTH=32:Y_WIDTH=1:394426c56d1a028ba8fdd5469b163e04011def47 for cells of type $extern:wrap:$ge:A_SIGNED=1:A_WIDTH=32:B_SIGNED=1:B_WIDTH=32:Y_WIDTH=1:394426c56d1a028ba8fdd5469b163e04011def47.
Using extmapper simplemap for cells of type $ne.
Using template $paramod\_90_pmux\WIDTH=1\S_WIDTH=4 for cells of type $pmux.
Using extmapper simplemap for cells of type $reduce_and.
No more expansions possible.
<suppressed ~3847 debug messages>

12. Executing OPT_CLEAN pass (remove unused cells and wires).
Finding unused cells or wires in module \ALU..
Finding unused cells or wires in module \ALU_Control..
Finding unused cells or wires in module \Branch_Unit..
Finding unused cells or wires in module \CPU..
Finding unused cells or wires in module \Control..
Finding unused cells or wires in module \Imm_Gen..
Finding unused cells or wires in module \MUX32..
Finding unused cells or wires in module \PC..
Finding unused cells or wires in module \PC_Update..
Removed 446 unused cells and 1221 unused wires.
<suppressed ~454 debug messages>

13. Executing FLATTEN pass (flatten design).
Using template Control for cells of type Control.
Using template Imm_Gen for cells of type Imm_Gen.
Using template Branch_Unit for cells of type Branch_Unit.
Using template PC_Update for cells of type PC_Update.
Using template PC for cells of type PC.
Using template MUX32 for cells of type MUX32.
Using template ALU_Control for cells of type ALU_Control.
Using template ALU for cells of type ALU.
<suppressed ~9 debug messages>
No more expansions possible.

14. Executing DFFLIBMAP pass (mapping DFF cells to sequential cells from liberty file).
Warning: Malformed liberty file - cannot find pin 'SESI+!SED' in cell 'SDFFRS_X1' - skipping.
Warning: Malformed liberty file - cannot find pin 'SESI+!SED' in cell 'SDFFRS_X2' - skipping.
Warning: Malformed liberty file - cannot find pin 'SESI+!SED' in cell 'SDFFR_X1' - skipping.
Warning: Malformed liberty file - cannot find pin 'SESI+!SED' in cell 'SDFFR_X2' - skipping.
Warning: Malformed liberty file - cannot find pin 'SESI+!SED' in cell 'SDFFS_X1' - skipping.
Warning: Malformed liberty file - cannot find pin 'SESI+!SED' in cell 'SDFFS_X2' - skipping.
Warning: Malformed liberty file - cannot find pin 'SESI+!SED' in cell 'SDFF_X1' - skipping.
Warning: Malformed liberty file - cannot find pin 'SESI+!SED' in cell 'SDFF_X2' - skipping.
  cell DFF_X1 (noninv, pins=4, area=4.52) is a direct match for cell type $_DFF_P_.
Warning: Malformed liberty file - cannot find pin 'SESI+!SED' in cell 'SDFFRS_X1' - skipping.
Warning: Malformed liberty file - cannot find pin 'SESI+!SED' in cell 'SDFFRS_X2' - skipping.
Warning: Malformed liberty file - cannot find pin 'SESI+!SED' in cell 'SDFFR_X1' - skipping.
Warning: Malformed liberty file - cannot find pin 'SESI+!SED' in cell 'SDFFR_X2' - skipping.
Warning: Malformed liberty file - cannot find pin 'SESI+!SED' in cell 'SDFFS_X1' - skipping.
Warning: Malformed liberty file - cannot find pin 'SESI+!SED' in cell 'SDFFS_X2' - skipping.
Warning: Malformed liberty file - cannot find pin 'SESI+!SED' in cell 'SDFF_X1' - skipping.
Warning: Malformed liberty file - cannot find pin 'SESI+!SED' in cell 'SDFF_X2' - skipping.
  cell DFFR_X1 (noninv, pins=5, area=5.32) is a direct match for cell type $_DFF_PN0_.
Warning: Malformed liberty file - cannot find pin 'SESI+!SED' in cell 'SDFFRS_X1' - skipping.
Warning: Malformed liberty file - cannot find pin 'SESI+!SED' in cell 'SDFFRS_X2' - skipping.
Warning: Malformed liberty file - cannot find pin 'SESI+!SED' in cell 'SDFFR_X1' - skipping.
Warning: Malformed liberty file - cannot find pin 'SESI+!SED' in cell 'SDFFR_X2' - skipping.
Warning: Malformed liberty file - cannot find pin 'SESI+!SED' in cell 'SDFFS_X1' - skipping.
Warning: Malformed liberty file - cannot find pin 'SESI+!SED' in cell 'SDFFS_X2' - skipping.
Warning: Malformed liberty file - cannot find pin 'SESI+!SED' in cell 'SDFF_X1' - skipping.
Warning: Malformed liberty file - cannot find pin 'SESI+!SED' in cell 'SDFF_X2' - skipping.
  cell DFFS_X1 (noninv, pins=5, area=5.32) is a direct match for cell type $_DFF_PN1_.
Warning: Malformed liberty file - cannot find pin 'SESI+!SED' in cell 'SDFFRS_X1' - skipping.
Warning: Malformed liberty file - cannot find pin 'SESI+!SED' in cell 'SDFFRS_X2' - skipping.
Warning: Malformed liberty file - cannot find pin 'SESI+!SED' in cell 'SDFFR_X1' - skipping.
Warning: Malformed liberty file - cannot find pin 'SESI+!SED' in cell 'SDFFR_X2' - skipping.
Warning: Malformed liberty file - cannot find pin 'SESI+!SED' in cell 'SDFFS_X1' - skipping.
Warning: Malformed liberty file - cannot find pin 'SESI+!SED' in cell 'SDFFS_X2' - skipping.
Warning: Malformed liberty file - cannot find pin 'SESI+!SED' in cell 'SDFF_X1' - skipping.
Warning: Malformed liberty file - cannot find pin 'SESI+!SED' in cell 'SDFF_X2' - skipping.
Warning: Malformed liberty file - cannot find pin 'SESI+!SED' in cell 'SDFFRS_X1' - skipping.
Warning: Malformed liberty file - cannot find pin 'SESI+!SED' in cell 'SDFFRS_X2' - skipping.
Warning: Malformed liberty file - cannot find pin 'SESI+!SED' in cell 'SDFFR_X1' - skipping.
Warning: Malformed liberty file - cannot find pin 'SESI+!SED' in cell 'SDFFR_X2' - skipping.
Warning: Malformed liberty file - cannot find pin 'SESI+!SED' in cell 'SDFFS_X1' - skipping.
Warning: Malformed liberty file - cannot find pin 'SESI+!SED' in cell 'SDFFS_X2' - skipping.
Warning: Malformed liberty file - cannot find pin 'SESI+!SED' in cell 'SDFF_X1' - skipping.
Warning: Malformed liberty file - cannot find pin 'SESI+!SED' in cell 'SDFF_X2' - skipping.
Warning: Malformed liberty file - cannot find pin 'SESI+!SED' in cell 'SDFFRS_X1' - skipping.
Warning: Malformed liberty file - cannot find pin 'SESI+!SED' in cell 'SDFFRS_X2' - skipping.
Warning: Malformed liberty file - cannot find pin 'SESI+!SED' in cell 'SDFFR_X1' - skipping.
Warning: Malformed liberty file - cannot find pin 'SESI+!SED' in cell 'SDFFR_X2' - skipping.
Warning: Malformed liberty file - cannot find pin 'SESI+!SED' in cell 'SDFFS_X1' - skipping.
Warning: Malformed liberty file - cannot find pin 'SESI+!SED' in cell 'SDFFS_X2' - skipping.
Warning: Malformed liberty file - cannot find pin 'SESI+!SED' in cell 'SDFF_X1' - skipping.
Warning: Malformed liberty file - cannot find pin 'SESI+!SED' in cell 'SDFF_X2' - skipping.
  cell DFFRS_X1 (noninv, pins=6, area=6.38) is a direct match for cell type $_DFFSR_PNN_.
Warning: Malformed liberty file - cannot find pin 'SESI+!SED' in cell 'SDFFRS_X1' - skipping.
Warning: Malformed liberty file - cannot find pin 'SESI+!SED' in cell 'SDFFRS_X2' - skipping.
Warning: Malformed liberty file - cannot find pin 'SESI+!SED' in cell 'SDFFR_X1' - skipping.
Warning: Malformed liberty file - cannot find pin 'SESI+!SED' in cell 'SDFFR_X2' - skipping.
Warning: Malformed liberty file - cannot find pin 'SESI+!SED' in cell 'SDFFS_X1' - skipping.
Warning: Malformed liberty file - cannot find pin 'SESI+!SED' in cell 'SDFFS_X2' - skipping.
Warning: Malformed liberty file - cannot find pin 'SESI+!SED' in cell 'SDFF_X1' - skipping.
Warning: Malformed liberty file - cannot find pin 'SESI+!SED' in cell 'SDFF_X2' - skipping.
Warning: Malformed liberty file - cannot find pin 'SESI+!SED' in cell 'SDFFRS_X1' - skipping.
Warning: Malformed liberty file - cannot find pin 'SESI+!SED' in cell 'SDFFRS_X2' - skipping.
Warning: Malformed liberty file - cannot find pin 'SESI+!SED' in cell 'SDFFR_X1' - skipping.
Warning: Malformed liberty file - cannot find pin 'SESI+!SED' in cell 'SDFFR_X2' - skipping.
Warning: Malformed liberty file - cannot find pin 'SESI+!SED' in cell 'SDFFS_X1' - skipping.
Warning: Malformed liberty file - cannot find pin 'SESI+!SED' in cell 'SDFFS_X2' - skipping.
Warning: Malformed liberty file - cannot find pin 'SESI+!SED' in cell 'SDFF_X1' - skipping.
Warning: Malformed liberty file - cannot find pin 'SESI+!SED' in cell 'SDFF_X2' - skipping.
Warning: Malformed liberty file - cannot find pin 'SESI+!SED' in cell 'SDFFRS_X1' - skipping.
Warning: Malformed liberty file - cannot find pin 'SESI+!SED' in cell 'SDFFRS_X2' - skipping.
Warning: Malformed liberty file - cannot find pin 'SESI+!SED' in cell 'SDFFR_X1' - skipping.
Warning: Malformed liberty file - cannot find pin 'SESI+!SED' in cell 'SDFFR_X2' - skipping.
Warning: Malformed liberty file - cannot find pin 'SESI+!SED' in cell 'SDFFS_X1' - skipping.
Warning: Malformed liberty file - cannot find pin 'SESI+!SED' in cell 'SDFFS_X2' - skipping.
Warning: Malformed liberty file - cannot find pin 'SESI+!SED' in cell 'SDFF_X1' - skipping.
Warning: Malformed liberty file - cannot find pin 'SESI+!SED' in cell 'SDFF_X2' - skipping.
  create mapping for $_DFF_PP0_ from mapping for $_DFF_PN0_.
  create mapping for $_DFF_PP1_ from mapping for $_DFF_PN1_.
  create mapping for $_DFFSR_PPN_ from mapping for $_DFFSR_PNN_.
  create mapping for $_DFFSR_PNP_ from mapping for $_DFFSR_PNN_.
  create mapping for $_DFFSR_PPP_ from mapping for $_DFFSR_PNP_.
  create mapping for $_DFF_N_ from mapping for $_DFF_P_.
  create mapping for $_DFF_NN0_ from mapping for $_DFF_PN0_.
  create mapping for $_DFF_NP0_ from mapping for $_DFF_NN0_.
  create mapping for $_DFF_NN1_ from mapping for $_DFF_NN0_.
  create mapping for $_DFF_NP1_ from mapping for $_DFF_NN1_.
  create mapping for $_DFFSR_NNN_ from mapping for $_DFFSR_PNN_.
  create mapping for $_DFFSR_NPN_ from mapping for $_DFFSR_NNN_.
  create mapping for $_DFFSR_NNP_ from mapping for $_DFFSR_NNN_.
  create mapping for $_DFFSR_NPP_ from mapping for $_DFFSR_NNP_.
  final dff cell mappings:
    DFF_X1 _DFF_N_ (.CK(~C), .D( D), .Q( Q), .QN(~Q));
    DFF_X1 _DFF_P_ (.CK( C), .D( D), .Q( Q), .QN(~Q));
    DFFR_X1 _DFF_NN0_ (.CK(~C), .D( D), .Q( Q), .QN(~Q), .RN( R));
    DFFR_X1 _DFF_NN1_ (.CK(~C), .D(~D), .Q(~Q), .QN( Q), .RN( R));
    DFFR_X1 _DFF_NP0_ (.CK(~C), .D( D), .Q( Q), .QN(~Q), .RN(~R));
    DFFR_X1 _DFF_NP1_ (.CK(~C), .D(~D), .Q(~Q), .QN( Q), .RN(~R));
    DFFR_X1 _DFF_PN0_ (.CK( C), .D( D), .Q( Q), .QN(~Q), .RN( R));
    DFFS_X1 _DFF_PN1_ (.CK( C), .D( D), .Q( Q), .QN(~Q), .SN( R));
    DFFR_X1 _DFF_PP0_ (.CK( C), .D( D), .Q( Q), .QN(~Q), .RN(~R));
    DFFS_X1 _DFF_PP1_ (.CK( C), .D( D), .Q( Q), .QN(~Q), .SN(~R));
    DFFRS_X1 _DFFSR_NNN_ (.CK(~C), .D( D), .Q( Q), .QN(~Q), .RN( R), .SN( S));
    DFFRS_X1 _DFFSR_NNP_ (.CK(~C), .D( D), .Q( Q), .QN(~Q), .RN(~R), .SN( S));
    DFFRS_X1 _DFFSR_NPN_ (.CK(~C), .D( D), .Q( Q), .QN(~Q), .RN( R), .SN(~S));
    DFFRS_X1 _DFFSR_NPP_ (.CK(~C), .D( D), .Q( Q), .QN(~Q), .RN(~R), .SN(~S));
    DFFRS_X1 _DFFSR_PNN_ (.CK( C), .D( D), .Q( Q), .QN(~Q), .RN( R), .SN( S));
    DFFRS_X1 _DFFSR_PNP_ (.CK( C), .D( D), .Q( Q), .QN(~Q), .RN(~R), .SN( S));
    DFFRS_X1 _DFFSR_PPN_ (.CK( C), .D( D), .Q( Q), .QN(~Q), .RN( R), .SN(~S));
    DFFRS_X1 _DFFSR_PPP_ (.CK( C), .D( D), .Q( Q), .QN(~Q), .RN(~R), .SN(~S));
Mapping DFF cells in module `\ALU':
Mapping DFF cells in module `\ALU_Control':
Mapping DFF cells in module `\Branch_Unit':
Mapping DFF cells in module `\CPU':
  mapped 32 $_DFF_PN0_ cells to \DFFR_X1 cells.
  mapped 1 $_DFF_PN1_ cells to \DFFS_X1 cells.
Mapping DFF cells in module `\Control':
Mapping DFF cells in module `\Imm_Gen':
Mapping DFF cells in module `\MUX32':
Mapping DFF cells in module `\PC':
  mapped 31 $_DFF_PN0_ cells to \DFFR_X1 cells.
  mapped 1 $_DFF_PN1_ cells to \DFFS_X1 cells.
Mapping DFF cells in module `\PC_Update':

15. Executing ABC pass (technology mapping using ABC).

15.1. Extracting gate netlist of module `\ALU' to `<abc-temp-dir>/input.blif'..
Extracted 8051 gates and 8121 wires to a netlist network with 68 inputs and 32 outputs.

15.1.1. Executing ABC.
Running ABC command: berkeley-abc -s -f <abc-temp-dir>/abc.script 2>&1
ABC: ABC command line: "source <abc-temp-dir>/abc.script".
ABC: 
ABC: + read_blif <abc-temp-dir>/input.blif 
ABC: + read_lib -w /mnt/c/Users/ggg94/01-課程/00-本學期課程/31-Computer Architecture 計算機結構/03-hw/Verilog-Lab3/nangate/NanGate45/lib/NangateOpenCellLibrary_typical.lib 
ABC: usage: read_lib [-SG float] [-M num] [-dnuvwh] <file>
ABC: 	           reads Liberty library from file
ABC: 	-S float : the slew parameter used to generate the library [default = 0.00]
ABC: 	-G float : the gain parameter used to generate the library [default = 0.00]
ABC: 	-M num   : skip gate classes whose size is less than this [default = 0]
ABC: 	-d       : toggle dumping the parsed library into file "*_temp.lib" [default = no]
ABC: 	-n       : toggle replacing gate/pin names by short strings [default = no]
ABC: 	-u       : toggle setting unit area for all cells [default = no]
ABC: 	-v       : toggle writing verbose information [default = yes]
ABC: 	-w       : toggle writing information about skipped gates [default = yes]
ABC: 	-h       : prints the command summary
ABC: 	<file>   : the name of a file to read
ABC: ** cmd error: aborting 'source <abc-temp-dir>/abc.script'
ERROR: Can't open ABC output file `/tmp/yosys-abc-0kdt6y/output.blif'.
