338c338
< PC =         68
---
> PC =         56
359c359
< PC =         72
---
> PC =         60
379,380c379,380
< cycle =          18, Stall = 0, Flush = 1
< PC =         76
---
> cycle =          18, Stall = 0, Flush = 2
> PC =         56
400,401c400,401
< cycle =          19, Stall = 0, Flush = 1
< PC =         80
---
> cycle =          19, Stall = 0, Flush = 2
> PC =         60
421,422c421,422
< cycle =          20, Stall = 0, Flush = 1
< PC =         84
---
> cycle =          20, Stall = 0, Flush = 3
> PC =         56
442,443c442,443
< cycle =          21, Stall = 0, Flush = 1
< PC =         88
---
> cycle =          21, Stall = 0, Flush = 3
> PC =         60
448c448
< x3 =          0, x11 =          1, x19 =          0, x27 =        -27
---
> x3 =          0, x11 =         29, x19 =          0, x27 =        -27
463,464c463,464
< cycle =          22, Stall = 0, Flush = 1
< PC =         92
---
> cycle =          22, Stall = 0, Flush = 4
> PC =         56
468,469c468,469
< x2 =          0, x10 =         29, x18 =          0, x26 =        -26
< x3 =          0, x11 =          1, x19 =          0, x27 =        -27
---
> x2 =          0, x10 =         28, x18 =          0, x26 =        -26
> x3 =          0, x11 =         29, x19 =          0, x27 =        -27
484,485c484,485
< cycle =          23, Stall = 0, Flush = 1
< PC =         96
---
> cycle =          23, Stall = 0, Flush = 4
> PC =         60
489,490c489,490
< x2 =          0, x10 =         29, x18 =          0, x26 =        -26
< x3 =          0, x11 =          2, x19 =          0, x27 =        -27
---
> x2 =          0, x10 =         28, x18 =          0, x26 =        -26
> x3 =          0, x11 =         29, x19 =          0, x27 =        -27
505,506c505,506
< cycle =          24, Stall = 0, Flush = 1
< PC =        100
---
> cycle =          24, Stall = 0, Flush = 5
> PC =         56
510,511c510,511
< x2 =          0, x10 =         27, x18 =          0, x26 =        -26
< x3 =          0, x11 =          2, x19 =          0, x27 =        -27
---
> x2 =          0, x10 =         28, x18 =          0, x26 =        -26
> x3 =          0, x11 =         29, x19 =          0, x27 =        -27
526,527c526,527
< cycle =          25, Stall = 0, Flush = 1
< PC =        104
---
> cycle =          25, Stall = 0, Flush = 5
> PC =         60
531,532c531,532
< x2 =          0, x10 =         27, x18 =          0, x26 =        -26
< x3 =          0, x11 =          3, x19 =          0, x27 =        -27
---
> x2 =          0, x10 =         28, x18 =          0, x26 =        -26
> x3 =          0, x11 =         29, x19 =          0, x27 =        -27
547,548c547,548
< cycle =          26, Stall = 0, Flush = 1
< PC =        108
---
> cycle =          26, Stall = 0, Flush = 6
> PC =         56
552,553c552,553
< x2 =          0, x10 =         81, x18 =          0, x26 =        -26
< x3 =          0, x11 =          3, x19 =          0, x27 =        -27
---
> x2 =          0, x10 =         28, x18 =          0, x26 =        -26
> x3 =          0, x11 =         29, x19 =          0, x27 =        -27
568,569c568,569
< cycle =          27, Stall = 0, Flush = 1
< PC =        112
---
> cycle =          27, Stall = 0, Flush = 6
> PC =         60
573,574c573,574
< x2 =          0, x10 =         81, x18 =          0, x26 =        -26
< x3 =          0, x11 =          4, x19 =          0, x27 =        -27
---
> x2 =          0, x10 =         28, x18 =          0, x26 =        -26
> x3 =          0, x11 =         29, x19 =          0, x27 =        -27
589,590c589,590
< cycle =          28, Stall = 0, Flush = 1
< PC =        116
---
> cycle =          28, Stall = 0, Flush = 7
> PC =         56
594,595c594,595
< x2 =          0, x10 =         85, x18 =          0, x26 =        -26
< x3 =          0, x11 =          4, x19 =          0, x27 =        -27
---
> x2 =          0, x10 =         28, x18 =          0, x26 =        -26
> x3 =          0, x11 =         29, x19 =          0, x27 =        -27
610,611c610,611
< cycle =          29, Stall = 0, Flush = 1
< PC =        120
---
> cycle =          29, Stall = 0, Flush = 7
> PC =         60
615,616c615,616
< x2 =          0, x10 =         85, x18 =          0, x26 =        -26
< x3 =          0, x11 =        100, x19 =          0, x27 =        -27
---
> x2 =          0, x10 =         28, x18 =          0, x26 =        -26
> x3 =          0, x11 =         29, x19 =          0, x27 =        -27
631,632c631,632
< cycle =          30, Stall = 0, Flush = 1
< PC =        124
---
> cycle =          30, Stall = 0, Flush = 8
> PC =         56
636,638c636,638
< x2 =          0, x10 =         85, x18 =          0, x26 =        -26
< x3 =          0, x11 =        100, x19 =          0, x27 =        -27
< x4 =          0, x12 =        -15, x20 =          0, x28 =         56
---
> x2 =          0, x10 =         28, x18 =          0, x26 =        -26
> x3 =          0, x11 =         29, x19 =          0, x27 =        -27
> x4 =          0, x12 =         -1, x20 =          0, x28 =         56
652,653c652,653
< cycle =          31, Stall = 0, Flush = 1
< PC =        128
---
> cycle =          31, Stall = 0, Flush = 8
> PC =         60
657,659c657,659
< x2 =          0, x10 =         85, x18 =          0, x26 =        -26
< x3 =          0, x11 =        100, x19 =          0, x27 =        -27
< x4 =          0, x12 =        -15, x20 =          0, x28 =         56
---
> x2 =          0, x10 =         28, x18 =          0, x26 =        -26
> x3 =          0, x11 =         29, x19 =          0, x27 =        -27
> x4 =          0, x12 =         -1, x20 =          0, x28 =         56
673,674c673,674
< cycle =          32, Stall = 0, Flush = 1
< PC =        132
---
> cycle =          32, Stall = 0, Flush = 9
> PC =         56
678,680c678,680
< x2 =          0, x10 =         85, x18 =          0, x26 =        -26
< x3 =          0, x11 =        100, x19 =          0, x27 =        -27
< x4 =          0, x12 =        -15, x20 =          0, x28 =         56
---
> x2 =          0, x10 =         28, x18 =          0, x26 =        -26
> x3 =          0, x11 =         29, x19 =          0, x27 =        -27
> x4 =          0, x12 =         -1, x20 =          0, x28 =         56
694,695c694,695
< cycle =          33, Stall = 0, Flush = 1
< PC =        136
---
> cycle =          33, Stall = 0, Flush = 9
> PC =         60
699,701c699,701
< x2 =          0, x10 =         85, x18 =          0, x26 =        -26
< x3 =          0, x11 =        100, x19 =          0, x27 =        -27
< x4 =          0, x12 =        -15, x20 =          0, x28 =         56
---
> x2 =          0, x10 =         28, x18 =          0, x26 =        -26
> x3 =          0, x11 =         29, x19 =          0, x27 =        -27
> x4 =          0, x12 =         -1, x20 =          0, x28 =         56
715,716c715,716
< cycle =          34, Stall = 0, Flush = 1
< PC =        140
---
> cycle =          34, Stall = 0, Flush = 10
> PC =         56
720,722c720,722
< x2 =          0, x10 =         85, x18 =          0, x26 =        -26
< x3 =          0, x11 =        100, x19 =          0, x27 =        -27
< x4 =          0, x12 =        -15, x20 =          0, x28 =         56
---
> x2 =          0, x10 =         28, x18 =          0, x26 =        -26
> x3 =          0, x11 =         29, x19 =          0, x27 =        -27
> x4 =          0, x12 =         -1, x20 =          0, x28 =         56
736,737c736,737
< cycle =          35, Stall = 0, Flush = 1
< PC =        144
---
> cycle =          35, Stall = 0, Flush = 10
> PC =         60
741,743c741,743
< x2 =          0, x10 =         21, x18 =          0, x26 =        -26
< x3 =          0, x11 =        100, x19 =          0, x27 =        -27
< x4 =          0, x12 =        -15, x20 =          0, x28 =         56
---
> x2 =          0, x10 =         28, x18 =          0, x26 =        -26
> x3 =          0, x11 =         29, x19 =          0, x27 =        -27
> x4 =          0, x12 =         -1, x20 =          0, x28 =         56
757,758c757,758
< cycle =          36, Stall = 0, Flush = 1
< PC =        148
---
> cycle =          36, Stall = 0, Flush = 11
> PC =         56
762,764c762,764
< x2 =          0, x10 =         21, x18 =          0, x26 =        -26
< x3 =          0, x11 =         10, x19 =          0, x27 =        -27
< x4 =          0, x12 =        -15, x20 =          0, x28 =         56
---
> x2 =          0, x10 =         28, x18 =          0, x26 =        -26
> x3 =          0, x11 =         29, x19 =          0, x27 =        -27
> x4 =          0, x12 =         -1, x20 =          0, x28 =         56
778,779c778,779
< cycle =          37, Stall = 0, Flush = 1
< PC =        152
---
> cycle =          37, Stall = 0, Flush = 11
> PC =         60
783,785c783,785
< x2 =          0, x10 =         31, x18 =          0, x26 =        -26
< x3 =          0, x11 =         10, x19 =          0, x27 =        -27
< x4 =          0, x12 =        -15, x20 =          0, x28 =         56
---
> x2 =          0, x10 =         28, x18 =          0, x26 =        -26
> x3 =          0, x11 =         29, x19 =          0, x27 =        -27
> x4 =          0, x12 =         -1, x20 =          0, x28 =         56
799,800c799,800
< cycle =          38, Stall = 0, Flush = 1
< PC =        156
---
> cycle =          38, Stall = 0, Flush = 12
> PC =         56
804,806c804,806
< x2 =          0, x10 =         31, x18 =          0, x26 =        -26
< x3 =          0, x11 =         31, x19 =          0, x27 =        -27
< x4 =          0, x12 =        -15, x20 =          0, x28 =         56
---
> x2 =          0, x10 =         28, x18 =          0, x26 =        -26
> x3 =          0, x11 =         29, x19 =          0, x27 =        -27
> x4 =          0, x12 =         -1, x20 =          0, x28 =         56
820,821c820,821
< cycle =          39, Stall = 0, Flush = 1
< PC =        160
---
> cycle =          39, Stall = 0, Flush = 12
> PC =         60
825,827c825,827
< x2 =          0, x10 =         31, x18 =          0, x26 =        -26
< x3 =          0, x11 =         31, x19 =          0, x27 =        -27
< x4 =          0, x12 =        -15, x20 =          0, x28 =         56
---
> x2 =          0, x10 =         28, x18 =          0, x26 =        -26
> x3 =          0, x11 =         29, x19 =          0, x27 =        -27
> x4 =          0, x12 =         -1, x20 =          0, x28 =         56
841,842c841,842
< cycle =          40, Stall = 0, Flush = 1
< PC =        164
---
> cycle =          40, Stall = 0, Flush = 13
> PC =         56
846,848c846,848
< x2 =          0, x10 =         31, x18 =          0, x26 =        -26
< x3 =          0, x11 =          5, x19 =          0, x27 =        -27
< x4 =          0, x12 =        -15, x20 =          0, x28 =         56
---
> x2 =          0, x10 =         28, x18 =          0, x26 =        -26
> x3 =          0, x11 =         29, x19 =          0, x27 =        -27
> x4 =          0, x12 =         -1, x20 =          0, x28 =         56
862,863c862,863
< cycle =          41, Stall = 0, Flush = 1
< PC =        168
---
> cycle =          41, Stall = 0, Flush = 13
> PC =         60
867,869c867,869
< x2 =          0, x10 =        155, x18 =          0, x26 =        -26
< x3 =          0, x11 =          5, x19 =          0, x27 =        -27
< x4 =          0, x12 =        -15, x20 =          0, x28 =         56
---
> x2 =          0, x10 =         28, x18 =          0, x26 =        -26
> x3 =          0, x11 =         29, x19 =          0, x27 =        -27
> x4 =          0, x12 =         -1, x20 =          0, x28 =         56
883,884c883,884
< cycle =          42, Stall = 0, Flush = 1
< PC =        172
---
> cycle =          42, Stall = 0, Flush = 14
> PC =         56
888,890c888,890
< x2 =          0, x10 =        155, x18 =          0, x26 =        -26
< x3 =          0, x11 =          6, x19 =          0, x27 =        -27
< x4 =          0, x12 =        -15, x20 =          0, x28 =         56
---
> x2 =          0, x10 =         28, x18 =          0, x26 =        -26
> x3 =          0, x11 =         29, x19 =          0, x27 =        -27
> x4 =          0, x12 =         -1, x20 =          0, x28 =         56
904,905c904,905
< cycle =          43, Stall = 0, Flush = 1
< PC =        176
---
> cycle =          43, Stall = 0, Flush = 14
> PC =         60
909,911c909,911
< x2 =          0, x10 =        149, x18 =          0, x26 =        -26
< x3 =          0, x11 =          6, x19 =          0, x27 =        -27
< x4 =          0, x12 =        -15, x20 =          0, x28 =         56
---
> x2 =          0, x10 =         28, x18 =          0, x26 =        -26
> x3 =          0, x11 =         29, x19 =          0, x27 =        -27
> x4 =          0, x12 =         -1, x20 =          0, x28 =         56
925,926c925,926
< cycle =          44, Stall = 0, Flush = 1
< PC =        180
---
> cycle =          44, Stall = 0, Flush = 15
> PC =         56
930,932c930,932
< x2 =          0, x10 =        149, x18 =          0, x26 =        -26
< x3 =          0, x11 =        200, x19 =          0, x27 =        -27
< x4 =          0, x12 =        -15, x20 =          0, x28 =         56
---
> x2 =          0, x10 =         28, x18 =          0, x26 =        -26
> x3 =          0, x11 =         29, x19 =          0, x27 =        -27
> x4 =          0, x12 =         -1, x20 =          0, x28 =         56
946,947c946,947
< cycle =          45, Stall = 0, Flush = 1
< PC =        184
---
> cycle =          45, Stall = 0, Flush = 15
> PC =         60
951,953c951,953
< x2 =          0, x10 =        149, x18 =          0, x26 =        -26
< x3 =          0, x11 =        200, x19 =          0, x27 =        -27
< x4 =          0, x12 =        -51, x20 =          0, x28 =         56
---
> x2 =          0, x10 =         28, x18 =          0, x26 =        -26
> x3 =          0, x11 =         29, x19 =          0, x27 =        -27
> x4 =          0, x12 =         -1, x20 =          0, x28 =         56
967,968c967,968
< cycle =          46, Stall = 0, Flush = 2
< PC =        192
---
> cycle =          46, Stall = 0, Flush = 16
> PC =         56
972,974c972,974
< x2 =          0, x10 =        149, x18 =          0, x26 =        -26
< x3 =          0, x11 =        200, x19 =          0, x27 =        -27
< x4 =          0, x12 =        -51, x20 =          0, x28 =         56
---
> x2 =          0, x10 =         28, x18 =          0, x26 =        -26
> x3 =          0, x11 =         29, x19 =          0, x27 =        -27
> x4 =          0, x12 =         -1, x20 =          0, x28 =         56
988,989c988,989
< cycle =          47, Stall = 0, Flush = 2
< PC =        196
---
> cycle =          47, Stall = 0, Flush = 16
> PC =         60
993,995c993,995
< x2 =          0, x10 =        149, x18 =          0, x26 =        -26
< x3 =          0, x11 =        200, x19 =          0, x27 =        -27
< x4 =          0, x12 =        -51, x20 =          0, x28 =         56
---
> x2 =          0, x10 =         28, x18 =          0, x26 =        -26
> x3 =          0, x11 =         29, x19 =          0, x27 =        -27
> x4 =          0, x12 =         -1, x20 =          0, x28 =         56
1009,1010c1009,1010
< cycle =          48, Stall = 0, Flush = 2
< PC =        200
---
> cycle =          48, Stall = 0, Flush = 17
> PC =         56
1014,1016c1014,1016
< x2 =          0, x10 =        149, x18 =          0, x26 =        -26
< x3 =          0, x11 =        200, x19 =          0, x27 =        -27
< x4 =          0, x12 =        -51, x20 =          0, x28 =         56
---
> x2 =          0, x10 =         28, x18 =          0, x26 =        -26
> x3 =          0, x11 =         29, x19 =          0, x27 =        -27
> x4 =          0, x12 =         -1, x20 =          0, x28 =         56
1030,1031c1030,1031
< cycle =          49, Stall = 0, Flush = 2
< PC =        204
---
> cycle =          49, Stall = 0, Flush = 17
> PC =         60
1035,1037c1035,1037
< x2 =          0, x10 =        149, x18 =          0, x26 =        -26
< x3 =          0, x11 =        200, x19 =          0, x27 =        -27
< x4 =          0, x12 =        -51, x20 =          0, x28 =         56
---
> x2 =          0, x10 =         28, x18 =          0, x26 =        -26
> x3 =          0, x11 =         29, x19 =          0, x27 =        -27
> x4 =          0, x12 =         -1, x20 =          0, x28 =         56
1051,1052c1051,1052
< cycle =          50, Stall = 0, Flush = 2
< PC =        208
---
> cycle =          50, Stall = 0, Flush = 18
> PC =         56
1056,1058c1056,1058
< x2 =          0, x10 =        149, x18 =          0, x26 =        -26
< x3 =          0, x11 =        200, x19 =          0, x27 =        -27
< x4 =          0, x12 =        -51, x20 =          0, x28 =         56
---
> x2 =          0, x10 =         28, x18 =          0, x26 =        -26
> x3 =          0, x11 =         29, x19 =          0, x27 =        -27
> x4 =          0, x12 =         -1, x20 =          0, x28 =         56
1072,1073c1072,1073
< cycle =          51, Stall = 0, Flush = 2
< PC =        212
---
> cycle =          51, Stall = 0, Flush = 18
> PC =         60
1077,1079c1077,1079
< x2 =          0, x10 =        149, x18 =          0, x26 =        -26
< x3 =          0, x11 =         15, x19 =          0, x27 =        -27
< x4 =          0, x12 =        -51, x20 =          0, x28 =         56
---
> x2 =          0, x10 =         28, x18 =          0, x26 =        -26
> x3 =          0, x11 =         29, x19 =          0, x27 =        -27
> x4 =          0, x12 =         -1, x20 =          0, x28 =         56
1093,1094c1093,1094
< cycle =          52, Stall = 0, Flush = 2
< PC =        216
---
> cycle =          52, Stall = 0, Flush = 19
> PC =         56
1098,1100c1098,1100
< x2 =          0, x10 =        164, x18 =          0, x26 =        -26
< x3 =          0, x11 =         15, x19 =          0, x27 =        -27
< x4 =          0, x12 =        -51, x20 =          0, x28 =         56
---
> x2 =          0, x10 =         28, x18 =          0, x26 =        -26
> x3 =          0, x11 =         29, x19 =          0, x27 =        -27
> x4 =          0, x12 =         -1, x20 =          0, x28 =         56
1114,1115c1114,1115
< cycle =          53, Stall = 0, Flush = 2
< PC =        220
---
> cycle =          53, Stall = 0, Flush = 19
> PC =         60
1119,1121c1119,1121
< x2 =          0, x10 =        164, x18 =          0, x26 =        -26
< x3 =          0, x11 =          2, x19 =          0, x27 =        -27
< x4 =          0, x12 =        -51, x20 =          0, x28 =         56
---
> x2 =          0, x10 =         28, x18 =          0, x26 =        -26
> x3 =          0, x11 =         29, x19 =          0, x27 =        -27
> x4 =          0, x12 =         -1, x20 =          0, x28 =         56
1135,1136c1135,1136
< cycle =          54, Stall = 0, Flush = 2
< PC =        224
---
> cycle =          54, Stall = 0, Flush = 20
> PC =         56
1140,1142c1140,1142
< x2 =          0, x10 =        656, x18 =          0, x26 =        -26
< x3 =          0, x11 =          2, x19 =          0, x27 =        -27
< x4 =          0, x12 =        -51, x20 =          0, x28 =         56
---
> x2 =          0, x10 =         28, x18 =          0, x26 =        -26
> x3 =          0, x11 =         29, x19 =          0, x27 =        -27
> x4 =          0, x12 =         -1, x20 =          0, x28 =         56
1156,1157c1156,1157
< cycle =          55, Stall = 0, Flush = 2
< PC =        228
---
> cycle =          55, Stall = 0, Flush = 20
> PC =         60
1161,1163c1161,1163
< x2 =          0, x10 =        656, x18 =          0, x26 =        -26
< x3 =          0, x11 =         20, x19 =          0, x27 =        -27
< x4 =          0, x12 =        -51, x20 =          0, x28 =         56
---
> x2 =          0, x10 =         28, x18 =          0, x26 =        -26
> x3 =          0, x11 =         29, x19 =          0, x27 =        -27
> x4 =          0, x12 =         -1, x20 =          0, x28 =         56
1177,1178c1177,1178
< cycle =          56, Stall = 0, Flush = 2
< PC =        232
---
> cycle =          56, Stall = 0, Flush = 21
> PC =         56
1182,1184c1182,1184
< x2 =          0, x10 =        636, x18 =          0, x26 =        -26
< x3 =          0, x11 =         20, x19 =          0, x27 =        -27
< x4 =          0, x12 =        -51, x20 =          0, x28 =         56
---
> x2 =          0, x10 =         28, x18 =          0, x26 =        -26
> x3 =          0, x11 =         29, x19 =          0, x27 =        -27
> x4 =          0, x12 =         -1, x20 =          0, x28 =         56
1198,1199c1198,1199
< cycle =          57, Stall = 0, Flush = 2
< PC =        236
---
> cycle =          57, Stall = 0, Flush = 21
> PC =         60
1203,1205c1203,1205
< x2 =          0, x10 =        636, x18 =          0, x26 =        -26
< x3 =          0, x11 =         11, x19 =          0, x27 =        -27
< x4 =          0, x12 =        -51, x20 =          0, x28 =         56
---
> x2 =          0, x10 =         28, x18 =          0, x26 =        -26
> x3 =          0, x11 =         29, x19 =          0, x27 =        -27
> x4 =          0, x12 =         -1, x20 =          0, x28 =         56
1219,1220c1219,1220
< cycle =          58, Stall = 0, Flush = 2
< PC =        240
---
> cycle =          58, Stall = 0, Flush = 22
> PC =         56
1224,1226c1224,1226
< x2 =          0, x10 =        631, x18 =          0, x26 =        -26
< x3 =          0, x11 =         11, x19 =          0, x27 =        -27
< x4 =          0, x12 =        -51, x20 =          0, x28 =         56
---
> x2 =          0, x10 =         28, x18 =          0, x26 =        -26
> x3 =          0, x11 =         29, x19 =          0, x27 =        -27
> x4 =          0, x12 =         -1, x20 =          0, x28 =         56
1240,1241c1240,1241
< cycle =          59, Stall = 0, Flush = 2
< PC =        244
---
> cycle =          59, Stall = 0, Flush = 22
> PC =         60
1245,1247c1245,1247
< x2 =          0, x10 =        631, x18 =          0, x26 =        -26
< x3 =          0, x11 =          7, x19 =          0, x27 =        -27
< x4 =          0, x12 =        -51, x20 =          0, x28 =         56
---
> x2 =          0, x10 =         28, x18 =          0, x26 =        -26
> x3 =          0, x11 =         29, x19 =          0, x27 =        -27
> x4 =          0, x12 =         -1, x20 =          0, x28 =         56
1261,1262c1261,1262
< cycle =          60, Stall = 0, Flush = 2
< PC =        248
---
> cycle =          60, Stall = 0, Flush = 23
> PC =         56
1266,1268c1266,1268
< x2 =          0, x10 =       4417, x18 =          0, x26 =        -26
< x3 =          0, x11 =          7, x19 =          0, x27 =        -27
< x4 =          0, x12 =        -51, x20 =          0, x28 =         56
---
> x2 =          0, x10 =         28, x18 =          0, x26 =        -26
> x3 =          0, x11 =         29, x19 =          0, x27 =        -27
> x4 =          0, x12 =         -1, x20 =          0, x28 =         56
1282,1283c1282,1283
< cycle =          61, Stall = 0, Flush = 2
< PC =        252
---
> cycle =          61, Stall = 0, Flush = 23
> PC =         60
1287,1289c1287,1289
< x2 =          0, x10 =       4417, x18 =          0, x26 =        -26
< x3 =          0, x11 =        300, x19 =          0, x27 =        -27
< x4 =          0, x12 =        -51, x20 =          0, x28 =         56
---
> x2 =          0, x10 =         28, x18 =          0, x26 =        -26
> x3 =          0, x11 =         29, x19 =          0, x27 =        -27
> x4 =          0, x12 =         -1, x20 =          0, x28 =         56
1303,1304c1303,1304
< cycle =          62, Stall = 0, Flush = 2
< PC =        256
---
> cycle =          62, Stall = 0, Flush = 24
> PC =         56
1308,1310c1308,1310
< x2 =          0, x10 =       4417, x18 =          0, x26 =        -26
< x3 =          0, x11 =        300, x19 =          0, x27 =        -27
< x4 =          0, x12 =       4117, x20 =          0, x28 =         56
---
> x2 =          0, x10 =         28, x18 =          0, x26 =        -26
> x3 =          0, x11 =         29, x19 =          0, x27 =        -27
> x4 =          0, x12 =         -1, x20 =          0, x28 =         56
1324,1325c1324,1325
< cycle =          63, Stall = 0, Flush = 2
< PC =        260
---
> cycle =          63, Stall = 0, Flush = 24
> PC =         60
1329,1331c1329,1331
< x2 =          0, x10 =       4417, x18 =          0, x26 =        -26
< x3 =          0, x11 =        300, x19 =          0, x27 =        -27
< x4 =          0, x12 =       4117, x20 =          0, x28 =         56
---
> x2 =          0, x10 =         28, x18 =          0, x26 =        -26
> x3 =          0, x11 =         29, x19 =          0, x27 =        -27
> x4 =          0, x12 =         -1, x20 =          0, x28 =         56
1345,1346c1345,1346
< cycle =          64, Stall = 0, Flush = 2
< PC =        264
---
> cycle =          64, Stall = 0, Flush = 25
> PC =         56
1350,1352c1350,1352
< x2 =          0, x10 =       4417, x18 =          0, x26 =        -26
< x3 =          0, x11 =        300, x19 =          0, x27 =        -27
< x4 =          0, x12 =       4117, x20 =          0, x28 =         56
---
> x2 =          0, x10 =         28, x18 =          0, x26 =        -26
> x3 =          0, x11 =         29, x19 =          0, x27 =        -27
> x4 =          0, x12 =         -1, x20 =          0, x28 =         56
1366,1367c1366,1367
< cycle =          65, Stall = 0, Flush = 2
< PC =        268
---
> cycle =          65, Stall = 0, Flush = 25
> PC =         60
1371,1373c1371,1373
< x2 =          0, x10 =       4417, x18 =          0, x26 =        -26
< x3 =          0, x11 =        300, x19 =          0, x27 =        -27
< x4 =          0, x12 =       4117, x20 =          0, x28 =         56
---
> x2 =          0, x10 =         28, x18 =          0, x26 =        -26
> x3 =          0, x11 =         29, x19 =          0, x27 =        -27
> x4 =          0, x12 =         -1, x20 =          0, x28 =         56
1387,1388c1387,1388
< cycle =          66, Stall = 0, Flush = 2
< PC =        272
---
> cycle =          66, Stall = 0, Flush = 26
> PC =         56
1392,1394c1392,1394
< x2 =          0, x10 =       4417, x18 =          0, x26 =        -26
< x3 =          0, x11 =        300, x19 =          0, x27 =        -27
< x4 =          0, x12 =       4117, x20 =          0, x28 =         56
---
> x2 =          0, x10 =         28, x18 =          0, x26 =        -26
> x3 =          0, x11 =         29, x19 =          0, x27 =        -27
> x4 =          0, x12 =         -1, x20 =          0, x28 =         56
1408,1409c1408,1409
< cycle =          67, Stall = 0, Flush = 2
< PC =        276
---
> cycle =          67, Stall = 0, Flush = 26
> PC =         60
1413,1415c1413,1415
< x2 =          0, x10 =       2208, x18 =          0, x26 =        -26
< x3 =          0, x11 =        300, x19 =          0, x27 =        -27
< x4 =          0, x12 =       4117, x20 =          0, x28 =         56
---
> x2 =          0, x10 =         28, x18 =          0, x26 =        -26
> x3 =          0, x11 =         29, x19 =          0, x27 =        -27
> x4 =          0, x12 =         -1, x20 =          0, x28 =         56
1429,1430c1429,1430
< cycle =          68, Stall = 0, Flush = 2
< PC =        280
---
> cycle =          68, Stall = 0, Flush = 27
> PC =         56
1434,1436c1434,1436
< x2 =          0, x10 =       2208, x18 =          0, x26 =        -26
< x3 =          0, x11 =         63, x19 =          0, x27 =        -27
< x4 =          0, x12 =       4117, x20 =          0, x28 =         56
---
> x2 =          0, x10 =         28, x18 =          0, x26 =        -26
> x3 =          0, x11 =         29, x19 =          0, x27 =        -27
> x4 =          0, x12 =         -1, x20 =          0, x28 =         56
1450,1451c1450,1451
< cycle =          69, Stall = 0, Flush = 2
< PC =        284
---
> cycle =          69, Stall = 0, Flush = 27
> PC =         60
1455,1457c1455,1457
< x2 =          0, x10 =         32, x18 =          0, x26 =        -26
< x3 =          0, x11 =         63, x19 =          0, x27 =        -27
< x4 =          0, x12 =       4117, x20 =          0, x28 =         56
---
> x2 =          0, x10 =         28, x18 =          0, x26 =        -26
> x3 =          0, x11 =         29, x19 =          0, x27 =        -27
> x4 =          0, x12 =         -1, x20 =          0, x28 =         56
1471,1472c1471,1472
< cycle =          70, Stall = 0, Flush = 2
< PC =        288
---
> cycle =          70, Stall = 0, Flush = 28
> PC =         56
1476,1478c1476,1478
< x2 =          0, x10 =         32, x18 =          0, x26 =        -26
< x3 =          0, x11 =         25, x19 =          0, x27 =        -27
< x4 =          0, x12 =       4117, x20 =          0, x28 =         56
---
> x2 =          0, x10 =         28, x18 =          0, x26 =        -26
> x3 =          0, x11 =         29, x19 =          0, x27 =        -27
> x4 =          0, x12 =         -1, x20 =          0, x28 =         56
1492,1493c1492,1493
< cycle =          71, Stall = 0, Flush = 2
< PC =        292
---
> cycle =          71, Stall = 0, Flush = 28
> PC =         60
1497,1499c1497,1499
< x2 =          0, x10 =         57, x18 =          0, x26 =        -26
< x3 =          0, x11 =         25, x19 =          0, x27 =        -27
< x4 =          0, x12 =       4117, x20 =          0, x28 =         56
---
> x2 =          0, x10 =         28, x18 =          0, x26 =        -26
> x3 =          0, x11 =         29, x19 =          0, x27 =        -27
> x4 =          0, x12 =         -1, x20 =          0, x28 =         56
1513,1514c1513,1514
< cycle =          72, Stall = 0, Flush = 2
< PC =        296
---
> cycle =          72, Stall = 0, Flush = 29
> PC =         56
1518,1520c1518,1520
< x2 =          0, x10 =         57, x18 =          0, x26 =        -26
< x3 =          0, x11 =          2, x19 =          0, x27 =        -27
< x4 =          0, x12 =       4117, x20 =          0, x28 =         56
---
> x2 =          0, x10 =         28, x18 =          0, x26 =        -26
> x3 =          0, x11 =         29, x19 =          0, x27 =        -27
> x4 =          0, x12 =         -1, x20 =          0, x28 =         56
1534,1535c1534,1535
< cycle =          73, Stall = 0, Flush = 2
< PC =        300
---
> cycle =          73, Stall = 0, Flush = 29
> PC =         60
1539,1541c1539,1541
< x2 =          0, x10 =        114, x18 =          0, x26 =        -26
< x3 =          0, x11 =          2, x19 =          0, x27 =        -27
< x4 =          0, x12 =       4117, x20 =          0, x28 =         56
---
> x2 =          0, x10 =         28, x18 =          0, x26 =        -26
> x3 =          0, x11 =         29, x19 =          0, x27 =        -27
> x4 =          0, x12 =         -1, x20 =          0, x28 =         56
1555,1556c1555,1556
< cycle =          74, Stall = 0, Flush = 2
< PC =        304
---
> cycle =          74, Stall = 0, Flush = 30
> PC =         56
1560,1562c1560,1562
< x2 =          0, x10 =        114, x18 =          0, x26 =        -26
< x3 =          0, x11 =          5, x19 =          0, x27 =        -27
< x4 =          0, x12 =       4117, x20 =          0, x28 =         56
---
> x2 =          0, x10 =         28, x18 =          0, x26 =        -26
> x3 =          0, x11 =         29, x19 =          0, x27 =        -27
> x4 =          0, x12 =         -1, x20 =          0, x28 =         56
1576,1577c1576,1577
< cycle =          75, Stall = 0, Flush = 2
< PC =        308
---
> cycle =          75, Stall = 0, Flush = 30
> PC =         60
1581,1583c1581,1583
< x2 =          0, x10 =        109, x18 =          0, x26 =        -26
< x3 =          0, x11 =          5, x19 =          0, x27 =        -27
< x4 =          0, x12 =       4117, x20 =          0, x28 =         56
---
> x2 =          0, x10 =         28, x18 =          0, x26 =        -26
> x3 =          0, x11 =         29, x19 =          0, x27 =        -27
> x4 =          0, x12 =         -1, x20 =          0, x28 =         56
1597,1598c1597,1598
< cycle =          76, Stall = 0, Flush = 2
< PC =        312
---
> cycle =          76, Stall = 0, Flush = 31
> PC =         56
1602,1604c1602,1604
< x2 =          0, x10 =        109, x18 =          0, x26 =        -26
< x3 =          0, x11 =          9, x19 =          0, x27 =        -27
< x4 =          0, x12 =       4117, x20 =          0, x28 =         56
---
> x2 =          0, x10 =         28, x18 =          0, x26 =        -26
> x3 =          0, x11 =         29, x19 =          0, x27 =        -27
> x4 =          0, x12 =         -1, x20 =          0, x28 =         56
1618,1619c1618,1619
< cycle =          77, Stall = 0, Flush = 2
< PC =        316
---
> cycle =          77, Stall = 0, Flush = 31
> PC =         60
1623,1625c1623,1625
< x2 =          0, x10 =        100, x18 =          0, x26 =        -26
< x3 =          0, x11 =          9, x19 =          0, x27 =        -27
< x4 =          0, x12 =       4117, x20 =          0, x28 =         56
---
> x2 =          0, x10 =         28, x18 =          0, x26 =        -26
> x3 =          0, x11 =         29, x19 =          0, x27 =        -27
> x4 =          0, x12 =         -1, x20 =          0, x28 =         56
1639,1640c1639,1640
< cycle =          78, Stall = 0, Flush = 2
< PC =        320
---
> cycle =          78, Stall = 0, Flush = 32
> PC =         56
1644,1646c1644,1646
< x2 =          0, x10 =        100, x18 =          0, x26 =        -26
< x3 =          0, x11 =        400, x19 =          0, x27 =        -27
< x4 =          0, x12 =       4117, x20 =          0, x28 =         56
---
> x2 =          0, x10 =         28, x18 =          0, x26 =        -26
> x3 =          0, x11 =         29, x19 =          0, x27 =        -27
> x4 =          0, x12 =         -1, x20 =          0, x28 =         56
1660,1661c1660,1661
< cycle =          79, Stall = 0, Flush = 2
< PC =        324
---
> cycle =          79, Stall = 0, Flush = 32
> PC =         60
1665,1667c1665,1667
< x2 =          0, x10 =        100, x18 =          0, x26 =        -26
< x3 =          0, x11 =        400, x19 =          0, x27 =        -27
< x4 =          0, x12 =       -300, x20 =          0, x28 =         56
---
> x2 =          0, x10 =         28, x18 =          0, x26 =        -26
> x3 =          0, x11 =         29, x19 =          0, x27 =        -27
> x4 =          0, x12 =         -1, x20 =          0, x28 =         56
1681,1682c1681,1682
< cycle =          80, Stall = 0, Flush = 3
< PC =        332
---
> cycle =          80, Stall = 0, Flush = 33
> PC =         56
1686,1688c1686,1688
< x2 =          0, x10 =        100, x18 =          0, x26 =        -26
< x3 =          0, x11 =        400, x19 =          0, x27 =        -27
< x4 =          0, x12 =       -300, x20 =          0, x28 =         56
---
> x2 =          0, x10 =         28, x18 =          0, x26 =        -26
> x3 =          0, x11 =         29, x19 =          0, x27 =        -27
> x4 =          0, x12 =         -1, x20 =          0, x28 =         56
1702,1703c1702,1703
< cycle =          81, Stall = 0, Flush = 3
< PC =        336
---
> cycle =          81, Stall = 0, Flush = 33
> PC =         60
1707,1709c1707,1709
< x2 =          0, x10 =        100, x18 =          0, x26 =        -26
< x3 =          0, x11 =        400, x19 =          0, x27 =        -27
< x4 =          0, x12 =       -300, x20 =          0, x28 =         56
---
> x2 =          0, x10 =         28, x18 =          0, x26 =        -26
> x3 =          0, x11 =         29, x19 =          0, x27 =        -27
> x4 =          0, x12 =         -1, x20 =          0, x28 =         56
1723,1724c1723,1724
< cycle =          82, Stall = 0, Flush = 3
< PC =        340
---
> cycle =          82, Stall = 0, Flush = 34
> PC =         56
1728,1730c1728,1730
< x2 =          0, x10 =        100, x18 =          0, x26 =        -26
< x3 =          0, x11 =        400, x19 =          0, x27 =        -27
< x4 =          0, x12 =       -300, x20 =          0, x28 =         56
---
> x2 =          0, x10 =         28, x18 =          0, x26 =        -26
> x3 =          0, x11 =         29, x19 =          0, x27 =        -27
> x4 =          0, x12 =         -1, x20 =          0, x28 =         56
1744,1745c1744,1745
< cycle =          83, Stall = 0, Flush = 3
< PC =        344
---
> cycle =          83, Stall = 0, Flush = 34
> PC =         60
1749,1751c1749,1751
< x2 =          0, x10 =        100, x18 =          0, x26 =        -26
< x3 =          0, x11 =        400, x19 =          0, x27 =        -27
< x4 =          0, x12 =       -300, x20 =          0, x28 =         56
---
> x2 =          0, x10 =         28, x18 =          0, x26 =        -26
> x3 =          0, x11 =         29, x19 =          0, x27 =        -27
> x4 =          0, x12 =         -1, x20 =          0, x28 =         56
1765,1766c1765,1766
< cycle =          84, Stall = 0, Flush = 3
< PC =        348
---
> cycle =          84, Stall = 0, Flush = 35
> PC =         56
1770,1772c1770,1772
< x2 =          0, x10 =        100, x18 =          0, x26 =        -26
< x3 =          0, x11 =        400, x19 =          0, x27 =        -27
< x4 =          0, x12 =       -300, x20 =          0, x28 =         56
---
> x2 =          0, x10 =         28, x18 =          0, x26 =        -26
> x3 =          0, x11 =         29, x19 =          0, x27 =        -27
> x4 =          0, x12 =         -1, x20 =          0, x28 =         56
1786,1787c1786,1787
< cycle =          85, Stall = 0, Flush = 3
< PC =        352
---
> cycle =          85, Stall = 0, Flush = 35
> PC =         60
1791,1793c1791,1793
< x2 =          0, x10 =        100, x18 =          0, x26 =        -26
< x3 =          0, x11 =         30, x19 =          0, x27 =        -27
< x4 =          0, x12 =       -300, x20 =          0, x28 =         56
---
> x2 =          0, x10 =         28, x18 =          0, x26 =        -26
> x3 =          0, x11 =         29, x19 =          0, x27 =        -27
> x4 =          0, x12 =         -1, x20 =          0, x28 =         56
1807,1808c1807,1808
< cycle =          86, Stall = 0, Flush = 3
< PC =        356
---
> cycle =          86, Stall = 0, Flush = 36
> PC =         56
1812,1814c1812,1814
< x2 =          0, x10 =        130, x18 =          0, x26 =        -26
< x3 =          0, x11 =         30, x19 =          0, x27 =        -27
< x4 =          0, x12 =       -300, x20 =          0, x28 =         56
---
> x2 =          0, x10 =         28, x18 =          0, x26 =        -26
> x3 =          0, x11 =         29, x19 =          0, x27 =        -27
> x4 =          0, x12 =         -1, x20 =          0, x28 =         56
1828,1829c1828,1829
< cycle =          87, Stall = 0, Flush = 3
< PC =        360
---
> cycle =          87, Stall = 0, Flush = 36
> PC =         60
1833,1835c1833,1835
< x2 =          0, x10 =        130, x18 =          0, x26 =        -26
< x3 =          0, x11 =        127, x19 =          0, x27 =        -27
< x4 =          0, x12 =       -300, x20 =          0, x28 =         56
---
> x2 =          0, x10 =         28, x18 =          0, x26 =        -26
> x3 =          0, x11 =         29, x19 =          0, x27 =        -27
> x4 =          0, x12 =         -1, x20 =          0, x28 =         56
1849,1850c1849,1850
< cycle =          88, Stall = 0, Flush = 3
< PC =        364
---
> cycle =          88, Stall = 0, Flush = 37
> PC =         56
1854,1856c1854,1856
< x2 =          0, x10 =          2, x18 =          0, x26 =        -26
< x3 =          0, x11 =        127, x19 =          0, x27 =        -27
< x4 =          0, x12 =       -300, x20 =          0, x28 =         56
---
> x2 =          0, x10 =         28, x18 =          0, x26 =        -26
> x3 =          0, x11 =         29, x19 =          0, x27 =        -27
> x4 =          0, x12 =         -1, x20 =          0, x28 =         56
1870,1871c1870,1871
< cycle =          89, Stall = 0, Flush = 3
< PC =        368
---
> cycle =          89, Stall = 0, Flush = 37
> PC =         60
1875,1877c1875,1877
< x2 =          0, x10 =          2, x18 =          0, x26 =        -26
< x3 =          0, x11 =         12, x19 =          0, x27 =        -27
< x4 =          0, x12 =       -300, x20 =          0, x28 =         56
---
> x2 =          0, x10 =         28, x18 =          0, x26 =        -26
> x3 =          0, x11 =         29, x19 =          0, x27 =        -27
> x4 =          0, x12 =         -1, x20 =          0, x28 =         56
1891,1892c1891,1892
< cycle =          90, Stall = 0, Flush = 3
< PC =        372
---
> cycle =          90, Stall = 0, Flush = 38
> PC =         56
1896,1898c1896,2087
< x2 =          0, x10 =        -10, x18 =          0, x26 =        -26
< x3 =          0, x11 =         12, x19 =          0, x27 =        -27
< x4 =          0, x12 =       -300, x20 =          0, x28 =         56
---
> x2 =          0, x10 =         28, x18 =          0, x26 =        -26
> x3 =          0, x11 =         29, x19 =          0, x27 =        -27
> x4 =          0, x12 =         -1, x20 =          0, x28 =         56
> x5 =          0, x13 =          0, x21 =          0, x29 =         58
> x6 =          0, x14 =          0, x22 =          0, x30 =         60
> x7 =          0, x15 =          0, x23 =          0, x31 =         62
> Data Memory: 0x00 =          5
> Data Memory: 0x04 =          6
> Data Memory: 0x08 =         10
> Data Memory: 0x0C =         18
> Data Memory: 0x10 =         29
> Data Memory: 0x14 =          0
> Data Memory: 0x18 =          0
> Data Memory: 0x1C =          0
> 
> 
> cycle =          91, Stall = 0, Flush = 38
> PC =         60
> Registers
> x0 =          0, x8  =          0, x16 =          0, x24 =        -24
> x1 =          0, x9  =          0, x17 =          0, x25 =        -25
> x2 =          0, x10 =         28, x18 =          0, x26 =        -26
> x3 =          0, x11 =         29, x19 =          0, x27 =        -27
> x4 =          0, x12 =         -1, x20 =          0, x28 =         56
> x5 =          0, x13 =          0, x21 =          0, x29 =         58
> x6 =          0, x14 =          0, x22 =          0, x30 =         60
> x7 =          0, x15 =          0, x23 =          0, x31 =         62
> Data Memory: 0x00 =          5
> Data Memory: 0x04 =          6
> Data Memory: 0x08 =         10
> Data Memory: 0x0C =         18
> Data Memory: 0x10 =         29
> Data Memory: 0x14 =          0
> Data Memory: 0x18 =          0
> Data Memory: 0x1C =          0
> 
> 
> cycle =          92, Stall = 0, Flush = 39
> PC =         56
> Registers
> x0 =          0, x8  =          0, x16 =          0, x24 =        -24
> x1 =          0, x9  =          0, x17 =          0, x25 =        -25
> x2 =          0, x10 =         28, x18 =          0, x26 =        -26
> x3 =          0, x11 =         29, x19 =          0, x27 =        -27
> x4 =          0, x12 =         -1, x20 =          0, x28 =         56
> x5 =          0, x13 =          0, x21 =          0, x29 =         58
> x6 =          0, x14 =          0, x22 =          0, x30 =         60
> x7 =          0, x15 =          0, x23 =          0, x31 =         62
> Data Memory: 0x00 =          5
> Data Memory: 0x04 =          6
> Data Memory: 0x08 =         10
> Data Memory: 0x0C =         18
> Data Memory: 0x10 =         29
> Data Memory: 0x14 =          0
> Data Memory: 0x18 =          0
> Data Memory: 0x1C =          0
> 
> 
> cycle =          93, Stall = 0, Flush = 39
> PC =         60
> Registers
> x0 =          0, x8  =          0, x16 =          0, x24 =        -24
> x1 =          0, x9  =          0, x17 =          0, x25 =        -25
> x2 =          0, x10 =         28, x18 =          0, x26 =        -26
> x3 =          0, x11 =         29, x19 =          0, x27 =        -27
> x4 =          0, x12 =         -1, x20 =          0, x28 =         56
> x5 =          0, x13 =          0, x21 =          0, x29 =         58
> x6 =          0, x14 =          0, x22 =          0, x30 =         60
> x7 =          0, x15 =          0, x23 =          0, x31 =         62
> Data Memory: 0x00 =          5
> Data Memory: 0x04 =          6
> Data Memory: 0x08 =         10
> Data Memory: 0x0C =         18
> Data Memory: 0x10 =         29
> Data Memory: 0x14 =          0
> Data Memory: 0x18 =          0
> Data Memory: 0x1C =          0
> 
> 
> cycle =          94, Stall = 0, Flush = 40
> PC =         56
> Registers
> x0 =          0, x8  =          0, x16 =          0, x24 =        -24
> x1 =          0, x9  =          0, x17 =          0, x25 =        -25
> x2 =          0, x10 =         28, x18 =          0, x26 =        -26
> x3 =          0, x11 =         29, x19 =          0, x27 =        -27
> x4 =          0, x12 =         -1, x20 =          0, x28 =         56
> x5 =          0, x13 =          0, x21 =          0, x29 =         58
> x6 =          0, x14 =          0, x22 =          0, x30 =         60
> x7 =          0, x15 =          0, x23 =          0, x31 =         62
> Data Memory: 0x00 =          5
> Data Memory: 0x04 =          6
> Data Memory: 0x08 =         10
> Data Memory: 0x0C =         18
> Data Memory: 0x10 =         29
> Data Memory: 0x14 =          0
> Data Memory: 0x18 =          0
> Data Memory: 0x1C =          0
> 
> 
> cycle =          95, Stall = 0, Flush = 40
> PC =         60
> Registers
> x0 =          0, x8  =          0, x16 =          0, x24 =        -24
> x1 =          0, x9  =          0, x17 =          0, x25 =        -25
> x2 =          0, x10 =         28, x18 =          0, x26 =        -26
> x3 =          0, x11 =         29, x19 =          0, x27 =        -27
> x4 =          0, x12 =         -1, x20 =          0, x28 =         56
> x5 =          0, x13 =          0, x21 =          0, x29 =         58
> x6 =          0, x14 =          0, x22 =          0, x30 =         60
> x7 =          0, x15 =          0, x23 =          0, x31 =         62
> Data Memory: 0x00 =          5
> Data Memory: 0x04 =          6
> Data Memory: 0x08 =         10
> Data Memory: 0x0C =         18
> Data Memory: 0x10 =         29
> Data Memory: 0x14 =          0
> Data Memory: 0x18 =          0
> Data Memory: 0x1C =          0
> 
> 
> cycle =          96, Stall = 0, Flush = 41
> PC =         56
> Registers
> x0 =          0, x8  =          0, x16 =          0, x24 =        -24
> x1 =          0, x9  =          0, x17 =          0, x25 =        -25
> x2 =          0, x10 =         28, x18 =          0, x26 =        -26
> x3 =          0, x11 =         29, x19 =          0, x27 =        -27
> x4 =          0, x12 =         -1, x20 =          0, x28 =         56
> x5 =          0, x13 =          0, x21 =          0, x29 =         58
> x6 =          0, x14 =          0, x22 =          0, x30 =         60
> x7 =          0, x15 =          0, x23 =          0, x31 =         62
> Data Memory: 0x00 =          5
> Data Memory: 0x04 =          6
> Data Memory: 0x08 =         10
> Data Memory: 0x0C =         18
> Data Memory: 0x10 =         29
> Data Memory: 0x14 =          0
> Data Memory: 0x18 =          0
> Data Memory: 0x1C =          0
> 
> 
> cycle =          97, Stall = 0, Flush = 41
> PC =         60
> Registers
> x0 =          0, x8  =          0, x16 =          0, x24 =        -24
> x1 =          0, x9  =          0, x17 =          0, x25 =        -25
> x2 =          0, x10 =         28, x18 =          0, x26 =        -26
> x3 =          0, x11 =         29, x19 =          0, x27 =        -27
> x4 =          0, x12 =         -1, x20 =          0, x28 =         56
> x5 =          0, x13 =          0, x21 =          0, x29 =         58
> x6 =          0, x14 =          0, x22 =          0, x30 =         60
> x7 =          0, x15 =          0, x23 =          0, x31 =         62
> Data Memory: 0x00 =          5
> Data Memory: 0x04 =          6
> Data Memory: 0x08 =         10
> Data Memory: 0x0C =         18
> Data Memory: 0x10 =         29
> Data Memory: 0x14 =          0
> Data Memory: 0x18 =          0
> Data Memory: 0x1C =          0
> 
> 
> cycle =          98, Stall = 0, Flush = 42
> PC =         56
> Registers
> x0 =          0, x8  =          0, x16 =          0, x24 =        -24
> x1 =          0, x9  =          0, x17 =          0, x25 =        -25
> x2 =          0, x10 =         28, x18 =          0, x26 =        -26
> x3 =          0, x11 =         29, x19 =          0, x27 =        -27
> x4 =          0, x12 =         -1, x20 =          0, x28 =         56
> x5 =          0, x13 =          0, x21 =          0, x29 =         58
> x6 =          0, x14 =          0, x22 =          0, x30 =         60
> x7 =          0, x15 =          0, x23 =          0, x31 =         62
> Data Memory: 0x00 =          5
> Data Memory: 0x04 =          6
> Data Memory: 0x08 =         10
> Data Memory: 0x0C =         18
> Data Memory: 0x10 =         29
> Data Memory: 0x14 =          0
> Data Memory: 0x18 =          0
> Data Memory: 0x1C =          0
> 
> 
> cycle =          99, Stall = 0, Flush = 42
> PC =         60
> Registers
> x0 =          0, x8  =          0, x16 =          0, x24 =        -24
> x1 =          0, x9  =          0, x17 =          0, x25 =        -25
> x2 =          0, x10 =         28, x18 =          0, x26 =        -26
> x3 =          0, x11 =         29, x19 =          0, x27 =        -27
> x4 =          0, x12 =         -1, x20 =          0, x28 =         56
